[ 2026-06-07 01:48:11,715 ] 1025 httpx - INFO - HTTP Request: GET https://dagshub.com/api/v1/user "HTTP/1.1 200 OK"
[ 2026-06-07 01:48:11,734 ] 107 dagshub - INFO - Accessing as sarvesh2099
[ 2026-06-07 01:48:17,321 ] 1025 httpx - INFO - HTTP Request: GET https://dagshub.com/api/v1/repos/sarvesh2099/network-security-mlops "HTTP/1.1 200 OK"
[ 2026-06-07 01:48:18,171 ] 1025 httpx - INFO - HTTP Request: GET https://dagshub.com/api/v1/user "HTTP/1.1 200 OK"
[ 2026-06-07 01:48:18,175 ] 107 dagshub - INFO - Initialized MLflow to track repo "sarvesh2099/network-security-mlops"
[ 2026-06-07 01:48:18,177 ] 107 dagshub - INFO - Repository sarvesh2099/network-security-mlops initialized!
[ 2026-06-07 01:48:18,178 ] 17 root - INFO - Initiate the data ingestion
[ 2026-06-07 01:48:28,273 ] 65 root - INFO - Performed train test split on the dataframe
[ 2026-06-07 01:48:28,273 ] 67 root - INFO - Exited split_data_as_train_test method of Data_Ingestion class
[ 2026-06-07 01:48:28,274 ] 75 root - INFO - Exporting train and test file path.
[ 2026-06-07 01:48:28,316 ] 84 root - INFO - Exported train and test file path.
[ 2026-06-07 01:48:28,317 ] 19 root - INFO - Data Initiation Completed
[ 2026-06-07 01:48:28,323 ] 23 root - INFO - Initiate the data Validation
[ 2026-06-07 01:48:28,383 ] 32 root - INFO - Required number of columns:2
[ 2026-06-07 01:48:28,383 ] 33 root - INFO - Data frame has columns:31
[ 2026-06-07 01:48:28,383 ] 32 root - INFO - Required number of columns:2
[ 2026-06-07 01:48:28,383 ] 33 root - INFO - Data frame has columns:31
[ 2026-06-07 01:48:28,500 ] 25 root - INFO - data Validation Completed
[ 2026-06-07 01:48:28,500 ] 28 root - INFO - data Transformation started
[ 2026-06-07 01:48:28,500 ] 63 root - INFO - Entered initiate_data_transformation method of DataTransformation class
[ 2026-06-07 01:48:28,500 ] 65 root - INFO - Starting data transformation
[ 2026-06-07 01:48:28,529 ] 48 root - INFO - Entered get_data_transformer_object method of Transformation class
[ 2026-06-07 01:48:28,530 ] 53 root - INFO - Initialise KNNImputer with {'missing_values': nan, 'n_neighbors': 3, 'weights': 'uniform'}
[ 2026-06-07 01:48:28,548 ] 46 root - INFO - Entered the save_object method of MainUtils class
[ 2026-06-07 01:48:28,550 ] 50 root - INFO - Exited the save_object method of MainUtils class
[ 2026-06-07 01:48:28,551 ] 46 root - INFO - Entered the save_object method of MainUtils class
[ 2026-06-07 01:48:28,553 ] 50 root - INFO - Exited the save_object method of MainUtils class
[ 2026-06-07 01:48:28,553 ] 32 root - INFO - data Transformation completed
[ 2026-06-07 01:48:28,554 ] 34 root - INFO - Model Training started
