[ 2026-06-07 02:05:39,841 ] 1025 httpx - INFO - HTTP Request: GET https://dagshub.com/api/v1/user "HTTP/1.1 200 OK"
[ 2026-06-07 02:05:39,857 ] 107 dagshub - INFO - Accessing as sarvesh2099
[ 2026-06-07 02:05:40,734 ] 1025 httpx - INFO - HTTP Request: GET https://dagshub.com/api/v1/repos/sarvesh2099/network-security-mlops "HTTP/1.1 200 OK"
[ 2026-06-07 02:05:41,600 ] 1025 httpx - INFO - HTTP Request: GET https://dagshub.com/api/v1/user "HTTP/1.1 200 OK"
[ 2026-06-07 02:05:41,603 ] 107 dagshub - INFO - Initialized MLflow to track repo "sarvesh2099/network-security-mlops"
[ 2026-06-07 02:05:41,604 ] 107 dagshub - INFO - Repository sarvesh2099/network-security-mlops initialized!
[ 2026-06-07 02:12:17,192 ] 42 root - INFO - Start data Ingestion
[ 2026-06-07 02:12:25,969 ] 65 root - INFO - Performed train test split on the dataframe
[ 2026-06-07 02:12:25,969 ] 67 root - INFO - Exited split_data_as_train_test method of Data_Ingestion class
[ 2026-06-07 02:12:25,970 ] 75 root - INFO - Exporting train and test file path.
[ 2026-06-07 02:12:26,009 ] 84 root - INFO - Exported train and test file path.
[ 2026-06-07 02:12:26,009 ] 45 root - INFO - Data Ingestion completed and artifact: DataIngestionArtifact(trained_file_path='Artifacts\\06_07_2026_02_05_36\\data_ingestion\\ingested\\train.csv', test_file_path='Artifacts\\06_07_2026_02_05_36\\data_ingestion\\ingested\\test.csv')
[ 2026-06-07 02:12:26,015 ] 55 root - INFO - Initiate the data Validation
[ 2026-06-07 02:12:26,072 ] 32 root - INFO - Required number of columns:2
[ 2026-06-07 02:12:26,073 ] 33 root - INFO - Data frame has columns:31
[ 2026-06-07 02:12:26,073 ] 32 root - INFO - Required number of columns:2
[ 2026-06-07 02:12:26,073 ] 33 root - INFO - Data frame has columns:31
[ 2026-06-07 02:12:26,239 ] 63 root - INFO - Entered initiate_data_transformation method of DataTransformation class
[ 2026-06-07 02:12:26,239 ] 65 root - INFO - Starting data transformation
[ 2026-06-07 02:12:26,255 ] 48 root - INFO - Entered get_data_transformer_object method of Transformation class
[ 2026-06-07 02:12:26,255 ] 53 root - INFO - Initialise KNNImputer with {'missing_values': nan, 'n_neighbors': 3, 'weights': 'uniform'}
[ 2026-06-07 02:12:26,264 ] 46 root - INFO - Entered the save_object method of MainUtils class
[ 2026-06-07 02:12:26,266 ] 50 root - INFO - Exited the save_object method of MainUtils class
[ 2026-06-07 02:12:26,266 ] 46 root - INFO - Entered the save_object method of MainUtils class
[ 2026-06-07 02:12:26,267 ] 50 root - INFO - Exited the save_object method of MainUtils class
